// Jest Snapshot v1, https://goo.gl/fbAQLP

exports[`Send renders without crashing 1`] = `
<Send
  confirmPane={true}
  gas={1}
  neo={5}
  selectedAsset="Neo"
  sendTransaction={[Function]}
  showErrorNotification={[Function]}
  store={
    Object {
      "clearActions": [Function],
      "dispatch": [Function],
      "getActions": [Function],
      "getState": [Function],
      "replaceReducer": [Function],
      "subscribe": [Function],
    }
  }
  storeSubscription={
    Subscription {
      "listeners": Object {
        "clear": [Function],
        "get": [Function],
        "notify": [Function],
        "subscribe": [Function],
      },
      "onStateChange": [Function],
      "parentSub": undefined,
      "store": Object {
        "clearActions": [Function],
        "dispatch": [Function],
        "getActions": [Function],
        "getState": [Function],
        "replaceReducer": [Function],
        "subscribe": [Function],
      },
      "unsubscribe": [Function],
    }
  }
  toggleAsset={[Function]}
  togglePane={[Function]}
/>
`;
